2026-07-26T11:08:59-0700 INFO DRY RUN START
2026-07-26T11:08:59-0700 INFO Safety mode: login POST and read-only GET requests only
2026-07-26T11:08:59-0700 INFO No /api/robot/commands request will be sent
2026-07-26T11:08:59-0700 INFO Base URL: http://192.168.1.16:8000
2026-07-26T11:08:59-0700 INFO POST /api/auth/login/json (credentials redacted)
2026-07-26T11:08:59-0700 INFO Login HTTP status: 200
2026-07-26T11:08:59-0700 INFO Authentication succeeded (token redacted)
2026-07-26T11:08:59-0700 INFO GET /api/health
2026-07-26T11:08:59-0700 INFO Health HTTP status: 200
2026-07-26T11:08:59-0700 INFO Health response: {"mode": "development", "robot_phase": "ready", "robot_status": "ok", "status": "ok"}
2026-07-26T11:08:59-0700 INFO GET /api/storage/grid
2026-07-26T11:08:59-0700 INFO Grid HTTP status: 200
2026-07-26T11:08:59-0700 INFO Usable cells returned: 79
2026-07-26T11:08:59-0700 INFO CELL {"calibration_point": {"s": 0, "x": 357.0, "y": 42.0, "z_offset": 8.0}, "cell_idx": 0, "dimensions": {"height": 275.0, "length": 155.0, "width": 155.0}, "is_manual": false, "item": {"data": {"name": "test"}, "dimensions": {"height": 175.0, "length": 155.0, "width": 155.0}, "upca": "659492846988", "weight": 20.5}, "shelf_idx": 0, "side": "left_module", "status": "occupied", "volume_mm3": 6606875.0}
2026-07-26T11:08:59-0700 INFO CELL {"calibration_point": {"s": 0, "x": 522.5, "y": 44.0, "z_offset": 8.079000473022461}, "cell_idx": 1, "dimensions": {"height": 275.0, "length": 155.0, "width": 155.0}, "is_manual": false, "item": null, "shelf_idx": 0, "side": "left_module", "status": "available", "volume_mm3": 6606875.0}
2026-07-26T11:08:59-0700 INFO CELL {"calibration_point": {"s": 0, "x": 687.0, "y": 43.25, "z_offset": 8.080500602722168}, "cell_idx": 2, "dimensions": {"height": 275.0, "length": 155.0, "width": 155.0}, "is_manual": false, "item": null, "shelf_idx": 0, "side": "left_module", "status": "available", "volume_mm3": 6606875.0}
2026-07-26T11:08:59-0700 INFO CELL {"calibration_point": {"s": 0, "x": 852.0, "y": 45.25, "z_offset": 8.062000274658203}, "cell_idx": 3, "dimensions": {"height": 275.0, "length": 155.0, "width": 155.0}, "is_manual": false, "item": null, "shelf_idx": 0, "side": "left_module", "status": "available", "volume_mm3": 6606875.0}
2026-07-26T11:08:59-0700 INFO CELL {"calibration_point": {"s": 0, "x": 342.5, "y": 544.25, "z_offset": 8.067500114440918}, "cell_idx": 0, "dimensions": {"height": 175.0, "length": 155.0, "width": 125.0}, "is_manual": false, "item": null, "shelf_idx": 1, "side": "left_module", "status": "available", "volume_mm3": 3390625.0}
2026-07-26T11:08:59-0700 INFO CELL {"calibration_point": {"s": 0, "x": 477.0, "y": 544.25, "z_offset": 8.09250020980835}, "cell_idx": 1, "dimensions": {"height": 175.0, "length": 155.0, "width": 125.0}, "is_manual": false, "item": null, "shelf_idx": 1, "side": "left_module", "status": "available", "volume_mm3": 3390625.0}
2026-07-26T11:08:59-0700 INFO CELL {"calibration_point": {"s": 0, "x": 326.0, "y": 742.25, "z_offset": 8.094500541687012}, "cell_idx": 0, "dimensions": {"height": 125.0, "length": 155.0, "width": 95.0}, "is_manual": false, "item": null, "shelf_idx": 2, "side": "left_module", "status": "available", "volume_mm3": 1840625.0}
2026-07-26T11:08:59-0700 INFO CELL {"calibration_point": {"s": 0, "x": 432.5, "y": 741.25, "z_offset": 8.133000373840332}, "cell_idx": 1, "dimensions": {"height": 125.0, "length": 155.0, "width": 95.0}, "is_manual": false, "item": null, "shelf_idx": 2, "side": "left_module", "status": "available", "volume_mm3": 1840625.0}
2026-07-26T11:08:59-0700 INFO CELL {"calibration_point": {"s": 0, "x": 537.0, "y": 742.25, "z_offset": 8.095499992370605}, "cell_idx": 2, "dimensions": {"height": 125.0, "length": 155.0, "width": 95.0}, "is_manual": false, "item": null, "shelf_idx": 2, "side": "left_module", "status": "available", "volume_mm3": 1840625.0}
2026-07-26T11:08:59-0700 INFO CELL {"calibration_point": {"s": 0, "x": 641.0, "y": 742.25, "z_offset": 8.125500679016113}, "cell_idx": 3, "dimensions": {"height": 125.0, "length": 155.0, "width": 95.0}, "is_manual": false, "item": null, "shelf_idx": 2, "side": "left_module", "status": "available", "volume_mm3": 1840625.0}
2026-07-26T11:08:59-0700 INFO CELL {"calibration_point": {"s": 0, "x": 745.5, "y": 742.25, "z_offset": 8.160000324249268}, "cell_idx": 4, "dimensions": {"height": 125.0, "length": 155.0, "width": 95.0}, "is_manual": false, "item": null, "shelf_idx": 2, "side": "left_module", "status": "available", "volume_mm3": 1840625.0}
2026-07-26T11:08:59-0700 INFO CELL {"calibration_point": {"s": 0, "x": 850.5, "y": 742.25, "z_offset": 8.125500202178955}, "cell_idx": 5, "dimensions": {"height": 125.0, "length": 155.0, "width": 95.0}, "is_manual": false, "item": null, "shelf_idx": 2, "side": "left_module", "status": "available", "volume_mm3": 1840625.0}
2026-07-26T11:08:59-0700 INFO CELL {"calibration_point": {"s": 0, "x": 432.0, "y": 888.75, "z_offset": 8.168000221252441}, "cell_idx": 1, "dimensions": {"height": 125.0, "length": 155.0, "width": 95.0}, "is_manual": false, "item": null, "shelf_idx": 3, "side": "left_module", "status": "available", "volume_mm3": 1840625.0}
2026-07-26T11:08:59-0700 INFO CELL {"calibration_point": {"s": 0, "x": 537.5, "y": 889.75, "z_offset": 8.169500350952148}, "cell_idx": 2, "dimensions": {"height": 125.0, "length": 155.0, "width": 95.0}, "is_manual": false, "item": null, "shelf_idx": 3, "side": "left_module", "status": "available", "volume_mm3": 1840625.0}
2026-07-26T11:08:59-0700 INFO CELL {"calibration_point": {"s": 0, "x": 641.5, "y": 890.25, "z_offset": 8.181000709533691}, "cell_idx": 3, "dimensions": {"height": 125.0, "length": 155.0, "width": 95.0}, "is_manual": false, "item": null, "shelf_idx": 3, "side": "left_module", "status": "available", "volume_mm3": 1840625.0}
2026-07-26T11:08:59-0700 INFO CELL {"calibration_point": {"s": 0, "x": 746.5, "y": 891.25, "z_offset": 8.203500270843506}, "cell_idx": 4, "dimensions": {"height": 125.0, "length": 155.0, "width": 95.0}, "is_manual": false, "item": null, "shelf_idx": 3, "side": "left_module", "status": "available", "volume_mm3": 1840625.0}
2026-07-26T11:08:59-0700 INFO CELL {"calibration_point": {"s": 0, "x": 851.5, "y": 891.75, "z_offset": 8.173500061035156}, "cell_idx": 5, "dimensions": {"height": 125.0, "length": 155.0, "width": 95.0}, "is_manual": false, "item": null, "shelf_idx": 3, "side": "left_module", "status": "available", "volume_mm3": 1840625.0}
2026-07-26T11:08:59-0700 INFO CELL {"calibration_point": {"s": 0, "x": 326.5, "y": 1142.25, "z_offset": 8.259999999999991}, "cell_idx": 0, "dimensions": {"height": 125.0, "length": 155.0, "width": 95.0}, "is_manual": false, "item": null, "shelf_idx": 4, "side": "left_module", "status": "available", "volume_mm3": 1840625.0}
2026-07-26T11:08:59-0700 INFO CELL {"calibration_point": {"s": 0, "x": 431.5, "y": 1142.25, "z_offset": 8.255500316619873}, "cell_idx": 1, "dimensions": {"height": 125.0, "length": 155.0, "width": 95.0}, "is_manual": false, "item": null, "shelf_idx": 4, "side": "left_module", "status": "available", "volume_mm3": 1840625.0}
2026-07-26T11:08:59-0700 INFO CELL {"calibration_point": {"s": 0, "x": 537.0, "y": 1141.25, "z_offset": 8.304000854492188}, "cell_idx": 2, "dimensions": {"height": 125.0, "length": 155.0, "width": 95.0}, "is_manual": false, "item": null, "shelf_idx": 4, "side": "left_module", "status": "available", "volume_mm3": 1840625.0}
2026-07-26T11:08:59-0700 INFO CELL {"calibration_point": {"s": 0, "x": 641.0, "y": 1142.25, "z_offset": 8.264500617980957}, "cell_idx": 3, "dimensions": {"height": 125.0, "length": 155.0, "width": 95.0}, "is_manual": false, "item": null, "shelf_idx": 4, "side": "left_module", "status": "available", "volume_mm3": 1840625.0}
2026-07-26T11:08:59-0700 INFO CELL {"calibration_point": {"s": 0, "x": 746.5, "y": 1142.25, "z_offset": 8.25100040435791}, "cell_idx": 4, "dimensions": {"height": 125.0, "length": 155.0, "width": 95.0}, "is_manual": false, "item": null, "shelf_idx": 4, "side": "left_module", "status": "available", "volume_mm3": 1840625.0}
2026-07-26T11:08:59-0700 INFO CELL {"calibration_point": {"s": 0, "x": 851.0, "y": 1144.25, "z_offset": 8.255500316619873}, "cell_idx": 5, "dimensions": {"height": 125.0, "length": 155.0, "width": 95.0}, "is_manual": false, "item": null, "shelf_idx": 4, "side": "left_module", "status": "available", "volume_mm3": 1840625.0}
2026-07-26T11:08:59-0700 INFO CELL {"calibration_point": {"s": 1, "x": 35.5, "y": 64.25, "z_offset": 10.118499786376958}, "cell_idx": 0, "dimensions": {"height": 275.0, "length": 155.0, "width": 155.0}, "is_manual": false, "item": null, "shelf_idx": 0, "side": "right_module", "status": "available", "volume_mm3": 6606875.0}
2026-07-26T11:08:59-0700 INFO CELL {"calibration_point": {"s": 1, "x": 200.0, "y": 63.25, "z_offset": 10.338500053405767}, "cell_idx": 1, "dimensions": {"height": 275.0, "length": 155.0, "width": 155.0}, "is_manual": false, "item": null, "shelf_idx": 0, "side": "right_module", "status": "available", "volume_mm3": 6606875.0}
2026-07-26T11:08:59-0700 INFO CELL {"calibration_point": {"s": 1, "x": 364.0, "y": 62.25, "z_offset": 10.331500083923345}, "cell_idx": 2, "dimensions": {"height": 275.0, "length": 155.0, "width": 155.0}, "is_manual": false, "item": null, "shelf_idx": 0, "side": "right_module", "status": "available", "volume_mm3": 6606875.0}
2026-07-26T11:08:59-0700 INFO CELL {"calibration_point": {"s": 1, "x": 528.5, "y": 61.25, "z_offset": 10.494500190734868}, "cell_idx": 3, "dimensions": {"height": 275.0, "length": 155.0, "width": 155.0}, "is_manual": false, "item": null, "shelf_idx": 0, "side": "right_module", "status": "available", "volume_mm3": 6606875.0}
2026-07-26T11:08:59-0700 INFO CELL {"calibration_point": {"s": 1, "x": 693.5, "y": 62.25, "z_offset": 10.48600009155274}, "cell_idx": 4, "dimensions": {"height": 275.0, "length": 155.0, "width": 155.0}, "is_manual": false, "item": null, "shelf_idx": 0, "side": "right_module", "status": "available", "volume_mm3": 6606875.0}
2026-07-26T11:08:59-0700 INFO CELL {"calibration_point": {"s": 1, "x": 858.5, "y": 63.25, "z_offset": 10.513999969482427}, "cell_idx": 5, "dimensions": {"height": 275.0, "length": 155.0, "width": 155.0}, "is_manual": false, "item": null, "shelf_idx": 0, "side": "right_module", "status": "available", "volume_mm3": 6606875.0}
2026-07-26T11:08:59-0700 INFO CELL {"calibration_point": {"s": 1, "x": 20.0, "y": 363.25, "z_offset": 10.295000106811528}, "cell_idx": 0, "dimensions": {"height": 175.0, "length": 155.0, "width": 125.0}, "is_manual": false, "item": null, "shelf_idx": 1, "side": "right_module", "status": "available", "volume_mm3": 3390625.0}
2026-07-26T11:08:59-0700 INFO CELL {"calibration_point": {"s": 1, "x": 155.0, "y": 363.25, "z_offset": 10.329500228881841}, "cell_idx": 1, "dimensions": {"height": 175.0, "length": 155.0, "width": 125.0}, "is_manual": false, "item": null, "shelf_idx": 1, "side": "right_module", "status": "available", "volume_mm3": 3390625.0}
2026-07-26T11:08:59-0700 INFO CELL {"calibration_point": {"s": 1, "x": 290.5, "y": 362.25, "z_offset": 10.427500755310064}, "cell_idx": 2, "dimensions": {"height": 175.0, "length": 155.0, "width": 125.0}, "is_manual": false, "item": null, "shelf_idx": 1, "side": "right_module", "status": "available", "volume_mm3": 3390625.0}
2026-07-26T11:08:59-0700 INFO CELL {"calibration_point": {"s": 1, "x": 425.0, "y": 361.25, "z_offset": 10.449000389099126}, "cell_idx": 3, "dimensions": {"height": 175.0, "length": 155.0, "width": 125.0}, "is_manual": false, "item": null, "shelf_idx": 1, "side": "right_module", "status": "available", "volume_mm3": 3390625.0}
2026-07-26T11:08:59-0700 INFO CELL {"calibration_point": {"s": 1, "x": 560.0, "y": 361.25, "z_offset": 10.491499931335454}, "cell_idx": 4, "dimensions": {"height": 175.0, "length": 155.0, "width": 125.0}, "is_manual": false, "item": null, "shelf_idx": 1, "side": "right_module", "status": "available", "volume_mm3": 3390625.0}
2026-07-26T11:08:59-0700 INFO CELL {"calibration_point": {"s": 1, "x": 695.0, "y": 361.25, "z_offset": 10.48700049591065}, "cell_idx": 5, "dimensions": {"height": 175.0, "length": 155.0, "width": 125.0}, "is_manual": false, "item": null, "shelf_idx": 1, "side": "right_module", "status": "available", "volume_mm3": 3390625.0}
2026-07-26T11:08:59-0700 INFO CELL {"calibration_point": {"s": 1, "x": 829.0, "y": 362.25, "z_offset": 10.538000137329107}, "cell_idx": 6, "dimensions": {"height": 175.0, "length": 155.0, "width": 125.0}, "is_manual": false, "item": null, "shelf_idx": 1, "side": "right_module", "status": "available", "volume_mm3": 3390625.0}
2026-07-26T11:08:59-0700 INFO CELL {"calibration_point": {"s": 1, "x": 21.0, "y": 565.25, "z_offset": 10.39099982452393}, "cell_idx": 0, "dimensions": {"height": 175.0, "length": 155.0, "width": 125.0}, "is_manual": false, "item": null, "shelf_idx": 2, "side": "right_module", "status": "available", "volume_mm3": 3390625.0}
2026-07-26T11:08:59-0700 INFO CELL {"calibration_point": {"s": 1, "x": 155.5, "y": 564.25, "z_offset": 10.348500282287603}, "cell_idx": 1, "dimensions": {"height": 175.0, "length": 155.0, "width": 125.0}, "is_manual": false, "item": null, "shelf_idx": 2, "side": "right_module", "status": "available", "volume_mm3": 3390625.0}
2026-07-26T11:08:59-0700 INFO CELL {"calibration_point": {"s": 1, "x": 290.0, "y": 563.25, "z_offset": 10.459500343322759}, "cell_idx": 2, "dimensions": {"height": 175.0, "length": 155.0, "width": 125.0}, "is_manual": false, "item": null, "shelf_idx": 2, "side": "right_module", "status": "available", "volume_mm3": 3390625.0}
2026-07-26T11:08:59-0700 INFO CELL {"calibration_point": {"s": 1, "x": 424.5, "y": 563.25, "z_offset": 10.435000450134282}, "cell_idx": 3, "dimensions": {"height": 175.0, "length": 155.0, "width": 125.0}, "is_manual": false, "item": null, "shelf_idx": 2, "side": "right_module", "status": "available", "volume_mm3": 3390625.0}
2026-07-26T11:08:59-0700 INFO CELL {"calibration_point": {"s": 1, "x": 560.5, "y": 563.25, "z_offset": 10.502499610900884}, "cell_idx": 4, "dimensions": {"height": 175.0, "length": 155.0, "width": 125.0}, "is_manual": false, "item": null, "shelf_idx": 2, "side": "right_module", "status": "available", "volume_mm3": 3390625.0}
2026-07-26T11:08:59-0700 INFO CELL {"calibration_point": {"s": 1, "x": 695.0, "y": 563.25, "z_offset": 10.496500045776372}, "cell_idx": 5, "dimensions": {"height": 175.0, "length": 155.0, "width": 125.0}, "is_manual": false, "item": null, "shelf_idx": 2, "side": "right_module", "status": "available", "volume_mm3": 3390625.0}
2026-07-26T11:08:59-0700 INFO CELL {"calibration_point": {"s": 1, "x": 829.5, "y": 563.25, "z_offset": 10.504000694274907}, "cell_idx": 6, "dimensions": {"height": 175.0, "length": 155.0, "width": 125.0}, "is_manual": false, "item": null, "shelf_idx": 2, "side": "right_module", "status": "available", "volume_mm3": 3390625.0}
2026-07-26T11:08:59-0700 INFO CELL {"calibration_point": {"s": 1, "x": 5.0, "y": 763.25, "z_offset": 10.309999973297124}, "cell_idx": 0, "dimensions": {"height": 125.0, "length": 155.0, "width": 95.0}, "is_manual": false, "item": null, "shelf_idx": 3, "side": "right_module", "status": "available", "volume_mm3": 1840625.0}
2026-07-26T11:08:59-0700 INFO CELL {"calibration_point": {"s": 1, "x": 111.0, "y": 763.25, "z_offset": 10.309000045776372}, "cell_idx": 1, "dimensions": {"height": 125.0, "length": 155.0, "width": 95.0}, "is_manual": false, "item": null, "shelf_idx": 3, "side": "right_module", "status": "available", "volume_mm3": 1840625.0}
2026-07-26T11:08:59-0700 INFO CELL {"calibration_point": {"s": 1, "x": 216.0, "y": 762.25, "z_offset": 10.321000129699712}, "cell_idx": 2, "dimensions": {"height": 125.0, "length": 155.0, "width": 95.0}, "is_manual": false, "item": null, "shelf_idx": 3, "side": "right_module", "status": "available", "volume_mm3": 1840625.0}
2026-07-26T11:08:59-0700 INFO CELL {"calibration_point": {"s": 1, "x": 321.0, "y": 763.25, "z_offset": 10.407000572204595}, "cell_idx": 3, "dimensions": {"height": 125.0, "length": 155.0, "width": 95.0}, "is_manual": false, "item": null, "shelf_idx": 3, "side": "right_module", "status": "available", "volume_mm3": 1840625.0}
2026-07-26T11:08:59-0700 INFO CELL {"calibration_point": {"s": 1, "x": 425.0, "y": 763.25, "z_offset": 10.405499488830571}, "cell_idx": 4, "dimensions": {"height": 125.0, "length": 155.0, "width": 95.0}, "is_manual": false, "item": null, "shelf_idx": 3, "side": "right_module", "status": "available", "volume_mm3": 1840625.0}
2026-07-26T11:08:59-0700 INFO CELL {"calibration_point": {"s": 1, "x": 530.0, "y": 763.25, "z_offset": 10.39949992370606}, "cell_idx": 5, "dimensions": {"height": 125.0, "length": 155.0, "width": 95.0}, "is_manual": false, "item": null, "shelf_idx": 3, "side": "right_module", "status": "available", "volume_mm3": 1840625.0}
2026-07-26T11:08:59-0700 INFO CELL {"calibration_point": {"s": 1, "x": 635.0, "y": 763.25, "z_offset": 10.487999946594243}, "cell_idx": 6, "dimensions": {"height": 125.0, "length": 155.0, "width": 95.0}, "is_manual": false, "item": null, "shelf_idx": 3, "side": "right_module", "status": "available", "volume_mm3": 1840625.0}
2026-07-26T11:08:59-0700 INFO CELL {"calibration_point": {"s": 1, "x": 740.0, "y": 763.25, "z_offset": 10.508500129699712}, "cell_idx": 7, "dimensions": {"height": 125.0, "length": 155.0, "width": 95.0}, "is_manual": false, "item": null, "shelf_idx": 3, "side": "right_module", "status": "available", "volume_mm3": 1840625.0}
2026-07-26T11:08:59-0700 INFO CELL {"calibration_point": {"s": 1, "x": 845.0, "y": 763.25, "z_offset": 10.539000541687017}, "cell_idx": 8, "dimensions": {"height": 125.0, "length": 155.0, "width": 95.0}, "is_manual": false, "item": null, "shelf_idx": 3, "side": "right_module", "status": "available", "volume_mm3": 1840625.0}
2026-07-26T11:08:59-0700 INFO CELL {"calibration_point": {"s": 1, "x": 5.5, "y": 913.25, "z_offset": 10.319000274658208}, "cell_idx": 0, "dimensions": {"height": 125.0, "length": 155.0, "width": 95.0}, "is_manual": false, "item": null, "shelf_idx": 4, "side": "right_module", "status": "available", "volume_mm3": 1840625.0}
2026-07-26T11:08:59-0700 INFO CELL {"calibration_point": {"s": 1, "x": 110.5, "y": 912.25, "z_offset": 10.327000171661382}, "cell_idx": 1, "dimensions": {"height": 125.0, "length": 155.0, "width": 95.0}, "is_manual": false, "item": null, "shelf_idx": 4, "side": "right_module", "status": "available", "volume_mm3": 1840625.0}
2026-07-26T11:08:59-0700 INFO CELL {"calibration_point": {"s": 1, "x": 215.0, "y": 911.25, "z_offset": 10.366499931335454}, "cell_idx": 2, "dimensions": {"height": 125.0, "length": 155.0, "width": 95.0}, "is_manual": false, "item": null, "shelf_idx": 4, "side": "right_module", "status": "available", "volume_mm3": 1840625.0}
2026-07-26T11:08:59-0700 INFO CELL {"calibration_point": {"s": 1, "x": 321.0, "y": 911.25, "z_offset": 10.438500434875493}, "cell_idx": 3, "dimensions": {"height": 125.0, "length": 155.0, "width": 95.0}, "is_manual": false, "item": null, "shelf_idx": 4, "side": "right_module", "status": "available", "volume_mm3": 1840625.0}
2026-07-26T11:08:59-0700 INFO CELL {"calibration_point": {"s": 1, "x": 425.0, "y": 911.25, "z_offset": 10.428500205993657}, "cell_idx": 4, "dimensions": {"height": 125.0, "length": 155.0, "width": 95.0}, "is_manual": false, "item": null, "shelf_idx": 4, "side": "right_module", "status": "available", "volume_mm3": 1840625.0}
2026-07-26T11:08:59-0700 INFO CELL {"calibration_point": {"s": 1, "x": 530.5, "y": 911.25, "z_offset": 10.444500000000005}, "cell_idx": 5, "dimensions": {"height": 125.0, "length": 155.0, "width": 95.0}, "is_manual": false, "item": null, "shelf_idx": 4, "side": "right_module", "status": "available", "volume_mm3": 1840625.0}
2026-07-26T11:08:59-0700 INFO CELL {"calibration_point": {"s": 1, "x": 635.5, "y": 911.25, "z_offset": 10.470000297546392}, "cell_idx": 6, "dimensions": {"height": 125.0, "length": 155.0, "width": 95.0}, "is_manual": false, "item": null, "shelf_idx": 4, "side": "right_module", "status": "available", "volume_mm3": 1840625.0}
2026-07-26T11:08:59-0700 INFO CELL {"calibration_point": {"s": 1, "x": 740.5, "y": 911.25, "z_offset": 10.505000144958501}, "cell_idx": 7, "dimensions": {"height": 125.0, "length": 155.0, "width": 95.0}, "is_manual": false, "item": null, "shelf_idx": 4, "side": "right_module", "status": "available", "volume_mm3": 1840625.0}
2026-07-26T11:08:59-0700 INFO CELL {"calibration_point": {"s": 1, "x": 844.0, "y": 911.25, "z_offset": 10.52449992370606}, "cell_idx": 8, "dimensions": {"height": 125.0, "length": 155.0, "width": 95.0}, "is_manual": false, "item": null, "shelf_idx": 4, "side": "right_module", "status": "available", "volume_mm3": 1840625.0}
2026-07-26T11:08:59-0700 INFO CELL {"calibration_point": {"s": 1, "x": 5.5, "y": 1062.25, "z_offset": 13.0}, "cell_idx": 0, "dimensions": {"height": 75.0, "length": 155.0, "width": 95.0}, "is_manual": false, "item": null, "shelf_idx": 5, "side": "right_module", "status": "available", "volume_mm3": 1104375.0}
2026-07-26T11:08:59-0700 INFO CELL {"calibration_point": {"s": 1, "x": 109.5, "y": 1061.25, "z_offset": 10.221000225067144}, "cell_idx": 1, "dimensions": {"height": 75.0, "length": 155.0, "width": 95.0}, "is_manual": false, "item": null, "shelf_idx": 5, "side": "right_module", "status": "available", "volume_mm3": 1104375.0}
2026-07-26T11:08:59-0700 INFO CELL {"calibration_point": {"s": 1, "x": 216.0, "y": 1061.25, "z_offset": 10.307499916076665}, "cell_idx": 2, "dimensions": {"height": 75.0, "length": 155.0, "width": 95.0}, "is_manual": false, "item": null, "shelf_idx": 5, "side": "right_module", "status": "available", "volume_mm3": 1104375.0}
2026-07-26T11:08:59-0700 INFO CELL {"calibration_point": {"s": 1, "x": 320.5, "y": 1060.25, "z_offset": 10.28049996566773}, "cell_idx": 3, "dimensions": {"height": 75.0, "length": 155.0, "width": 95.0}, "is_manual": false, "item": null, "shelf_idx": 5, "side": "right_module", "status": "available", "volume_mm3": 1104375.0}
2026-07-26T11:08:59-0700 INFO CELL {"calibration_point": {"s": 1, "x": 424.5, "y": 1061.25, "z_offset": 10.296999961853032}, "cell_idx": 4, "dimensions": {"height": 75.0, "length": 155.0, "width": 95.0}, "is_manual": false, "item": null, "shelf_idx": 5, "side": "right_module", "status": "available", "volume_mm3": 1104375.0}
2026-07-26T11:08:59-0700 INFO CELL {"calibration_point": {"s": 1, "x": 530.5, "y": 1061.25, "z_offset": 10.346500427246099}, "cell_idx": 5, "dimensions": {"height": 75.0, "length": 155.0, "width": 95.0}, "is_manual": false, "item": null, "shelf_idx": 5, "side": "right_module", "status": "available", "volume_mm3": 1104375.0}
2026-07-26T11:08:59-0700 INFO CELL {"calibration_point": {"s": 1, "x": 635.0, "y": 1061.25, "z_offset": 10.354499847412114}, "cell_idx": 6, "dimensions": {"height": 75.0, "length": 155.0, "width": 95.0}, "is_manual": false, "item": null, "shelf_idx": 5, "side": "right_module", "status": "available", "volume_mm3": 1104375.0}
2026-07-26T11:08:59-0700 INFO CELL {"calibration_point": {"s": 1, "x": 740.0, "y": 1061.25, "z_offset": 10.413000137329107}, "cell_idx": 7, "dimensions": {"height": 75.0, "length": 155.0, "width": 95.0}, "is_manual": false, "item": null, "shelf_idx": 5, "side": "right_module", "status": "available", "volume_mm3": 1104375.0}
2026-07-26T11:08:59-0700 INFO CELL {"calibration_point": {"s": 1, "x": 845.5, "y": 1064.25, "z_offset": 13.0}, "cell_idx": 8, "dimensions": {"height": 75.0, "length": 155.0, "width": 95.0}, "is_manual": false, "item": null, "shelf_idx": 5, "side": "right_module", "status": "available", "volume_mm3": 1104375.0}
2026-07-26T11:08:59-0700 INFO CELL {"calibration_point": {"s": 1, "x": 6.0, "y": 1162.25, "z_offset": 13.0}, "cell_idx": 0, "dimensions": {"height": 125.0, "length": 155.0, "width": 95.0}, "is_manual": false, "item": null, "shelf_idx": 6, "side": "right_module", "status": "available", "volume_mm3": 1840625.0}
2026-07-26T11:08:59-0700 INFO CELL {"calibration_point": {"s": 1, "x": 110.5, "y": 1161.25, "z_offset": 13.0}, "cell_idx": 1, "dimensions": {"height": 125.0, "length": 155.0, "width": 95.0}, "is_manual": false, "item": null, "shelf_idx": 6, "side": "right_module", "status": "available", "volume_mm3": 1840625.0}
2026-07-26T11:08:59-0700 INFO CELL {"calibration_point": {"s": 1, "x": 215.5, "y": 1161.25, "z_offset": 13.0}, "cell_idx": 2, "dimensions": {"height": 125.0, "length": 155.0, "width": 95.0}, "is_manual": false, "item": null, "shelf_idx": 6, "side": "right_module", "status": "available", "volume_mm3": 1840625.0}
2026-07-26T11:08:59-0700 INFO CELL {"calibration_point": {"s": 1, "x": 320.5, "y": 1159.25, "z_offset": 13.0}, "cell_idx": 3, "dimensions": {"height": 125.0, "length": 155.0, "width": 95.0}, "is_manual": false, "item": null, "shelf_idx": 6, "side": "right_module", "status": "available", "volume_mm3": 1840625.0}
2026-07-26T11:08:59-0700 INFO CELL {"calibration_point": {"s": 1, "x": 425.5, "y": 1159.25, "z_offset": 13.0}, "cell_idx": 4, "dimensions": {"height": 125.0, "length": 155.0, "width": 95.0}, "is_manual": false, "item": null, "shelf_idx": 6, "side": "right_module", "status": "available", "volume_mm3": 1840625.0}
2026-07-26T11:08:59-0700 INFO CELL {"calibration_point": {"s": 1, "x": 530.5, "y": 1159.25, "z_offset": 13.0}, "cell_idx": 5, "dimensions": {"height": 125.0, "length": 155.0, "width": 95.0}, "is_manual": false, "item": null, "shelf_idx": 6, "side": "right_module", "status": "available", "volume_mm3": 1840625.0}
2026-07-26T11:08:59-0700 INFO CELL {"calibration_point": {"s": 1, "x": 635.0, "y": 1161.25, "z_offset": 13.0}, "cell_idx": 6, "dimensions": {"height": 125.0, "length": 155.0, "width": 95.0}, "is_manual": false, "item": null, "shelf_idx": 6, "side": "right_module", "status": "available", "volume_mm3": 1840625.0}
2026-07-26T11:08:59-0700 INFO CELL {"calibration_point": {"s": 1, "x": 739.5, "y": 1162.75, "z_offset": 13.0}, "cell_idx": 7, "dimensions": {"height": 125.0, "length": 155.0, "width": 95.0}, "is_manual": false, "item": null, "shelf_idx": 6, "side": "right_module", "status": "available", "volume_mm3": 1840625.0}
2026-07-26T11:08:59-0700 INFO CELL {"calibration_point": {"s": 1, "x": 844.5, "y": 1160.25, "z_offset": 13.0}, "cell_idx": 8, "dimensions": {"height": 125.0, "length": 155.0, "width": 95.0}, "is_manual": false, "item": null, "shelf_idx": 6, "side": "right_module", "status": "available", "volume_mm3": 1840625.0}
2026-07-26T11:08:59-0700 INFO Largest cell volume: 6606875.000 mm^3
2026-07-26T11:08:59-0700 INFO Cells having the largest volume: 10
2026-07-26T11:08:59-0700 INFO Empty cells having the largest volume: 9
2026-07-26T11:08:59-0700 INFO LARGEST_CELL {"calibration_point": {"s": 0, "x": 357.0, "y": 42.0, "z_offset": 8.0}, "cell_idx": 0, "dimensions": {"height": 275.0, "length": 155.0, "width": 155.0}, "is_manual": false, "item": {"data": {"name": "test"}, "dimensions": {"height": 175.0, "length": 155.0, "width": 155.0}, "upca": "659492846988", "weight": 20.5}, "shelf_idx": 0, "side": "left_module", "status": "occupied", "volume_mm3": 6606875.0}
2026-07-26T11:08:59-0700 INFO LARGEST_CELL {"calibration_point": {"s": 0, "x": 522.5, "y": 44.0, "z_offset": 8.079000473022461}, "cell_idx": 1, "dimensions": {"height": 275.0, "length": 155.0, "width": 155.0}, "is_manual": false, "item": null, "shelf_idx": 0, "side": "left_module", "status": "available", "volume_mm3": 6606875.0}
2026-07-26T11:08:59-0700 INFO LARGEST_CELL {"calibration_point": {"s": 0, "x": 687.0, "y": 43.25, "z_offset": 8.080500602722168}, "cell_idx": 2, "dimensions": {"height": 275.0, "length": 155.0, "width": 155.0}, "is_manual": false, "item": null, "shelf_idx": 0, "side": "left_module", "status": "available", "volume_mm3": 6606875.0}
2026-07-26T11:08:59-0700 INFO LARGEST_CELL {"calibration_point": {"s": 0, "x": 852.0, "y": 45.25, "z_offset": 8.062000274658203}, "cell_idx": 3, "dimensions": {"height": 275.0, "length": 155.0, "width": 155.0}, "is_manual": false, "item": null, "shelf_idx": 0, "side": "left_module", "status": "available", "volume_mm3": 6606875.0}
2026-07-26T11:08:59-0700 INFO LARGEST_CELL {"calibration_point": {"s": 1, "x": 35.5, "y": 64.25, "z_offset": 10.118499786376958}, "cell_idx": 0, "dimensions": {"height": 275.0, "length": 155.0, "width": 155.0}, "is_manual": false, "item": null, "shelf_idx": 0, "side": "right_module", "status": "available", "volume_mm3": 6606875.0}
2026-07-26T11:08:59-0700 INFO LARGEST_CELL {"calibration_point": {"s": 1, "x": 200.0, "y": 63.25, "z_offset": 10.338500053405767}, "cell_idx": 1, "dimensions": {"height": 275.0, "length": 155.0, "width": 155.0}, "is_manual": false, "item": null, "shelf_idx": 0, "side": "right_module", "status": "available", "volume_mm3": 6606875.0}
2026-07-26T11:08:59-0700 INFO LARGEST_CELL {"calibration_point": {"s": 1, "x": 364.0, "y": 62.25, "z_offset": 10.331500083923345}, "cell_idx": 2, "dimensions": {"height": 275.0, "length": 155.0, "width": 155.0}, "is_manual": false, "item": null, "shelf_idx": 0, "side": "right_module", "status": "available", "volume_mm3": 6606875.0}
2026-07-26T11:08:59-0700 INFO LARGEST_CELL {"calibration_point": {"s": 1, "x": 528.5, "y": 61.25, "z_offset": 10.494500190734868}, "cell_idx": 3, "dimensions": {"height": 275.0, "length": 155.0, "width": 155.0}, "is_manual": false, "item": null, "shelf_idx": 0, "side": "right_module", "status": "available", "volume_mm3": 6606875.0}
2026-07-26T11:08:59-0700 INFO LARGEST_CELL {"calibration_point": {"s": 1, "x": 693.5, "y": 62.25, "z_offset": 10.48600009155274}, "cell_idx": 4, "dimensions": {"height": 275.0, "length": 155.0, "width": 155.0}, "is_manual": false, "item": null, "shelf_idx": 0, "side": "right_module", "status": "available", "volume_mm3": 6606875.0}
2026-07-26T11:08:59-0700 INFO LARGEST_CELL {"calibration_point": {"s": 1, "x": 858.5, "y": 63.25, "z_offset": 10.513999969482427}, "cell_idx": 5, "dimensions": {"height": 275.0, "length": 155.0, "width": 155.0}, "is_manual": false, "item": null, "shelf_idx": 0, "side": "right_module", "status": "available", "volume_mm3": 6606875.0}
2026-07-26T11:08:59-0700 INFO DRY RUN DECISION: an empty largest-size cell is available: {"calibration_point": {"s": 0, "x": 522.5, "y": 44.0, "z_offset": 8.079000473022461}, "cell_idx": 1, "dimensions": {"height": 275.0, "length": 155.0, "width": 155.0}, "is_manual": false, "item": null, "shelf_idx": 0, "side": "left_module", "status": "available", "volume_mm3": 6606875.0}
2026-07-26T11:08:59-0700 INFO DRY RUN STOP: the real program would submit store_item now; no command was submitted
2026-07-26T11:08:59-0700 INFO DRY RUN END
